2026-07-29 14:50:51,443 INFO o.a.j.u.JMeterUtils: Setting Locale to en_EN
2026-07-29 14:50:51,484 INFO o.a.j.JMeter: Loading user properties from: C:\Users\kaled\Downloads\apache-jmeter-5.6.3 (1)\apache-jmeter-5.6.3\bin\user.properties
2026-07-29 14:50:51,484 INFO o.a.j.JMeter: Loading system properties from: C:\Users\kaled\Downloads\apache-jmeter-5.6.3 (1)\apache-jmeter-5.6.3\bin\system.properties
2026-07-29 14:50:51,505 INFO o.a.j.JMeter: Copyright (c) 1998-2024 The Apache Software Foundation
2026-07-29 14:50:51,505 INFO o.a.j.JMeter: Version 5.6.3
2026-07-29 14:50:51,505 INFO o.a.j.JMeter: java.version=21.0.7
2026-07-29 14:50:51,505 INFO o.a.j.JMeter: java.vm.name=Java HotSpot(TM) 64-Bit Server VM
2026-07-29 14:50:51,505 INFO o.a.j.JMeter: os.name=Windows 11
2026-07-29 14:50:51,505 INFO o.a.j.JMeter: os.arch=amd64
2026-07-29 14:50:51,505 INFO o.a.j.JMeter: os.version=10.0
2026-07-29 14:50:51,505 INFO o.a.j.JMeter: file.encoding=UTF-8
2026-07-29 14:50:51,505 INFO o.a.j.JMeter: java.awt.headless=null
2026-07-29 14:50:51,505 INFO o.a.j.JMeter: Max memory     =1073741824
2026-07-29 14:50:51,505 INFO o.a.j.JMeter: Available Processors =12
2026-07-29 14:50:51,540 INFO o.a.j.JMeter: Default Locale=English (EN)
2026-07-29 14:50:51,540 INFO o.a.j.JMeter: JMeter  Locale=English (EN)
2026-07-29 14:50:51,540 INFO o.a.j.JMeter: JMeterHome=C:\Users\kaled\Downloads\apache-jmeter-5.6.3 (1)\apache-jmeter-5.6.3
2026-07-29 14:50:51,540 INFO o.a.j.JMeter: user.dir  =C:\Users\kaled\Downloads\Integrador
2026-07-29 14:50:51,542 INFO o.a.j.JMeter: PWD       =C:\Users\kaled\Downloads\Integrador
2026-07-29 14:50:51,544 INFO o.a.j.JMeter: IP: 10.14.0.100 Name: KaledLAP FullName: KaledLAP
2026-07-29 14:50:51,580 INFO o.a.j.JMeter: Loaded icon properties from org/apache/jmeter/images/icon.properties
2026-07-29 14:50:51,952 INFO o.a.j.JMeterGuiLauncher: Setting LAF to: com.github.weisj.darklaf.DarkLaf:com.github.weisj.darklaf.theme.DarculaTheme
2026-07-29 14:50:54,808 INFO o.a.j.JMeterGuiLauncher: Loading file: C:\Users\kaled\Downloads\Integrador\tests\jmeter\Finsense_LoadTest.jmx
2026-07-29 14:50:54,808 INFO o.a.j.s.FileServer: Default base='C:\Users\kaled\Downloads\Integrador'
2026-07-29 14:50:54,808 INFO o.a.j.s.FileServer: Set new base='C:\Users\kaled\Downloads\Integrador\tests\jmeter'
2026-07-29 14:50:55,236 INFO o.a.j.s.SaveService: Testplan (JMX) version: 2.2. Testlog (JTL) version: 2.2
2026-07-29 14:50:55,286 INFO o.a.j.s.SaveService: Using SaveService properties version 5.0
2026-07-29 14:50:55,299 INFO o.a.j.s.SaveService: Using SaveService properties file encoding UTF-8
2026-07-29 14:50:55,301 INFO o.a.j.s.SaveService: Loading file: C:\Users\kaled\Downloads\Integrador\tests\jmeter\Finsense_LoadTest.jmx
2026-07-29 14:50:55,378 INFO o.a.j.p.h.s.HTTPSamplerBase: Parser for text/html is org.apache.jmeter.protocol.http.parser.LagartoBasedHtmlParser
2026-07-29 14:50:55,378 INFO o.a.j.p.h.s.HTTPSamplerBase: Parser for application/xhtml+xml is org.apache.jmeter.protocol.http.parser.LagartoBasedHtmlParser
2026-07-29 14:50:55,378 INFO o.a.j.p.h.s.HTTPSamplerBase: Parser for application/xml is org.apache.jmeter.protocol.http.parser.LagartoBasedHtmlParser
2026-07-29 14:50:55,378 INFO o.a.j.p.h.s.HTTPSamplerBase: Parser for text/xml is org.apache.jmeter.protocol.http.parser.LagartoBasedHtmlParser
2026-07-29 14:50:55,378 INFO o.a.j.p.h.s.HTTPSamplerBase: Parser for text/vnd.wap.wml is org.apache.jmeter.protocol.http.parser.RegexpHTMLParser
2026-07-29 14:50:55,378 INFO o.a.j.p.h.s.HTTPSamplerBase: Parser for text/css is org.apache.jmeter.protocol.http.parser.CssParser
2026-07-29 14:50:55,442 INFO o.a.j.s.FileServer: Set new base='C:\Users\kaled\Downloads\Integrador\tests\jmeter'
2026-07-29 14:50:55,984 INFO o.a.j.s.SampleResult: Note: Sample TimeStamps are START times
2026-07-29 14:50:55,984 INFO o.a.j.s.SampleResult: sampleresult.default.encoding is set to UTF-8
2026-07-29 14:50:55,984 INFO o.a.j.s.SampleResult: sampleresult.useNanoTime=true
2026-07-29 14:50:55,984 INFO o.a.j.s.SampleResult: sampleresult.nanoThreadSleep=5000
2026-07-29 14:51:21,020 INFO o.a.j.e.StandardJMeterEngine: Running the test!
2026-07-29 14:51:21,020 INFO o.a.j.s.SampleEvent: List of sample_variables: []
2026-07-29 14:51:21,020 INFO o.a.j.s.SampleEvent: List of sample_variables: []
2026-07-29 14:51:21,020 INFO o.a.j.e.u.CompoundVariable: Note: Function class names must contain the string: '.functions.'
2026-07-29 14:51:21,020 INFO o.a.j.e.u.CompoundVariable: Note: Function class names must not contain the string: '.gui.'
2026-07-29 14:51:21,143 INFO o.a.j.g.u.JMeterMenuBar: setRunning(true, *local*)
2026-07-29 14:51:21,153 INFO o.a.j.e.StandardJMeterEngine: Starting setUp thread groups
2026-07-29 14:51:21,153 INFO o.a.j.e.StandardJMeterEngine: Starting setUp ThreadGroup: 1 : Setup - Registro de usuario de prueba 
2026-07-29 14:51:21,153 INFO o.a.j.e.StandardJMeterEngine: Starting 1 threads for group Setup - Registro de usuario de prueba.
2026-07-29 14:51:21,153 INFO o.a.j.e.StandardJMeterEngine: Thread will continue on error
2026-07-29 14:51:21,153 INFO o.a.j.t.ThreadGroup: Starting thread group... number=1 threads=1 ramp-up=1 delayedStart=false
2026-07-29 14:51:21,161 INFO o.a.j.t.ThreadGroup: Started thread group number 1
2026-07-29 14:51:21,161 INFO o.a.j.e.StandardJMeterEngine: Waiting for all setup thread groups to exit
2026-07-29 14:51:21,164 INFO o.a.j.t.JMeterThread: Thread started: Setup - Registro de usuario de prueba 1-1
2026-07-29 14:51:21,195 INFO o.a.j.p.h.s.HTTPHCAbstractImpl: Local host = KaledLAP
2026-07-29 14:51:21,205 INFO o.a.j.p.h.s.HTTPHC4Impl: HTTP request retry count = 0
2026-07-29 14:51:21,477 INFO o.a.j.p.h.s.h.LazyLayeredConnectionSocketFactory: Setting up HTTPS TrustAll Socket Factory
2026-07-29 14:51:21,481 INFO o.a.j.u.JsseSSLManager: Using default SSL protocol: TLS
2026-07-29 14:51:21,481 INFO o.a.j.u.JsseSSLManager: SSL session context: per-thread
2026-07-29 14:51:21,750 INFO o.a.j.u.SSLManager: JmeterKeyStore Location:  type JKS
2026-07-29 14:51:21,752 INFO o.a.j.u.SSLManager: KeyStore created OK
2026-07-29 14:51:21,752 WARN o.a.j.u.SSLManager: Keystore file not found, loading empty keystore
2026-07-29 14:51:22,985 INFO o.a.j.t.JMeterThread: Thread is done: Setup - Registro de usuario de prueba 1-1
2026-07-29 14:51:22,990 INFO o.a.j.t.JMeterThread: Thread finished: Setup - Registro de usuario de prueba 1-1
2026-07-29 14:51:22,990 INFO o.a.j.e.StandardJMeterEngine: All Setup Threads have ended
2026-07-29 14:51:23,075 INFO o.a.j.e.StandardJMeterEngine: Starting ThreadGroup: 1 : Carga - Flujo completo de usuario (10 usuarios)
2026-07-29 14:51:23,075 INFO o.a.j.e.StandardJMeterEngine: Starting 10 threads for group Carga - Flujo completo de usuario (10 usuarios).
2026-07-29 14:51:23,075 INFO o.a.j.e.StandardJMeterEngine: Thread will continue on error
2026-07-29 14:51:23,075 INFO o.a.j.t.ThreadGroup: Starting thread group... number=1 threads=10 ramp-up=10 delayedStart=false
2026-07-29 14:51:23,080 INFO o.a.j.t.JMeterThread: Thread started: Carga - Flujo completo de usuario (10 usuarios) 1-1
2026-07-29 14:51:23,087 INFO o.a.j.t.ThreadGroup: Started thread group number 1
2026-07-29 14:51:23,088 INFO o.a.j.e.StandardJMeterEngine: All thread groups have been started
2026-07-29 14:51:24,077 INFO o.a.j.t.JMeterThread: Thread started: Carga - Flujo completo de usuario (10 usuarios) 1-2
2026-07-29 14:51:25,080 INFO o.a.j.t.JMeterThread: Thread started: Carga - Flujo completo de usuario (10 usuarios) 1-3
2026-07-29 14:51:26,078 INFO o.a.j.t.JMeterThread: Thread started: Carga - Flujo completo de usuario (10 usuarios) 1-4
2026-07-29 14:51:27,078 INFO o.a.j.t.JMeterThread: Thread started: Carga - Flujo completo de usuario (10 usuarios) 1-5
2026-07-29 14:51:28,079 INFO o.a.j.t.JMeterThread: Thread started: Carga - Flujo completo de usuario (10 usuarios) 1-6
2026-07-29 14:51:29,078 INFO o.a.j.t.JMeterThread: Thread started: Carga - Flujo completo de usuario (10 usuarios) 1-7
2026-07-29 14:51:30,075 INFO o.a.j.t.JMeterThread: Thread started: Carga - Flujo completo de usuario (10 usuarios) 1-8
2026-07-29 14:51:31,079 INFO o.a.j.t.JMeterThread: Thread started: Carga - Flujo completo de usuario (10 usuarios) 1-9
2026-07-29 14:51:32,079 INFO o.a.j.t.JMeterThread: Thread started: Carga - Flujo completo de usuario (10 usuarios) 1-10
2026-07-29 14:52:19,789 INFO o.a.j.t.JMeterThread: Thread is done: Carga - Flujo completo de usuario (10 usuarios) 1-2
2026-07-29 14:52:19,789 INFO o.a.j.t.JMeterThread: Thread finished: Carga - Flujo completo de usuario (10 usuarios) 1-2
2026-07-29 14:52:20,094 INFO o.a.j.t.JMeterThread: Thread is done: Carga - Flujo completo de usuario (10 usuarios) 1-3
2026-07-29 14:52:20,094 INFO o.a.j.t.JMeterThread: Thread finished: Carga - Flujo completo de usuario (10 usuarios) 1-3
2026-07-29 14:52:20,302 INFO o.a.j.t.JMeterThread: Thread is done: Carga - Flujo completo de usuario (10 usuarios) 1-1
2026-07-29 14:52:20,302 INFO o.a.j.t.JMeterThread: Thread finished: Carga - Flujo completo de usuario (10 usuarios) 1-1
2026-07-29 14:52:20,494 INFO o.a.j.t.JMeterThread: Thread is done: Carga - Flujo completo de usuario (10 usuarios) 1-4
2026-07-29 14:52:20,494 INFO o.a.j.t.JMeterThread: Thread finished: Carga - Flujo completo de usuario (10 usuarios) 1-4
2026-07-29 14:52:21,022 INFO o.a.j.t.JMeterThread: Thread is done: Carga - Flujo completo de usuario (10 usuarios) 1-5
2026-07-29 14:52:21,022 INFO o.a.j.t.JMeterThread: Thread finished: Carga - Flujo completo de usuario (10 usuarios) 1-5
2026-07-29 14:52:21,651 INFO o.a.j.t.JMeterThread: Thread is done: Carga - Flujo completo de usuario (10 usuarios) 1-6
2026-07-29 14:52:21,651 INFO o.a.j.t.JMeterThread: Thread finished: Carga - Flujo completo de usuario (10 usuarios) 1-6
2026-07-29 14:52:22,909 INFO o.a.j.t.JMeterThread: Thread is done: Carga - Flujo completo de usuario (10 usuarios) 1-7
2026-07-29 14:52:22,909 INFO o.a.j.t.JMeterThread: Thread finished: Carga - Flujo completo de usuario (10 usuarios) 1-7
2026-07-29 14:52:24,144 INFO o.a.j.t.JMeterThread: Thread is done: Carga - Flujo completo de usuario (10 usuarios) 1-8
2026-07-29 14:52:24,144 INFO o.a.j.t.JMeterThread: Thread finished: Carga - Flujo completo de usuario (10 usuarios) 1-8
2026-07-29 14:52:24,531 INFO o.a.j.t.JMeterThread: Thread is done: Carga - Flujo completo de usuario (10 usuarios) 1-9
2026-07-29 14:52:24,531 INFO o.a.j.t.JMeterThread: Thread finished: Carga - Flujo completo de usuario (10 usuarios) 1-9
2026-07-29 14:52:24,900 INFO o.a.j.t.JMeterThread: Thread is done: Carga - Flujo completo de usuario (10 usuarios) 1-10
2026-07-29 14:52:24,900 INFO o.a.j.t.JMeterThread: Thread finished: Carga - Flujo completo de usuario (10 usuarios) 1-10
2026-07-29 14:52:24,900 INFO o.a.j.e.StandardJMeterEngine: Notifying test listeners of end of test
2026-07-29 14:52:24,900 INFO o.a.j.g.u.JMeterMenuBar: setRunning(false, *local*)
